.dockerignore:
.git
bin
dist
*.log
tmp
*.test
*.out


.gitignore:
bin/
dist/
.DS_Store
*.exe
*.test
*.out


cmd/subnet-sentinel/main.go:
package main

import (
	"context"
	"errors"
	"flag"
	"fmt"
	"os"
	"os/signal"
	"strings"
	"syscall"
	"time"

	"github.com/thealonlevi/subnet-sentinel/internal/checker"
	"github.com/thealonlevi/subnet-sentinel/internal/config"
	"github.com/thealonlevi/subnet-sentinel/internal/httpclient"
	"github.com/thealonlevi/subnet-sentinel/internal/logging"
	"github.com/thealonlevi/subnet-sentinel/internal/mount"
	"github.com/thealonlevi/subnet-sentinel/internal/subnets"
)

func main() {
	if err := run(); err != nil {
		fmt.Fprintf(os.Stderr, "error: %v\n", err)
		os.Exit(1)
	}
}

func run() error {
	ctx, cancel := signal.NotifyContext(context.Background(), os.Interrupt, syscall.SIGTERM)
	defer cancel()
	var configPath string
	var logLevel string
	flags := flag.NewFlagSet("subnet-sentinel", flag.ContinueOnError)
	flags.StringVar(&configPath, "config", "", "")
	flags.StringVar(&configPath, "c", "", "")
	flags.StringVar(&logLevel, "log-level", "info", "")
	if err := flags.Parse(os.Args[1:]); err != nil {
		return err
	}
	if configPath == "" {
		if env := os.Getenv("SUBNET_SENTINEL_CONFIG"); env != "" {
			configPath = env
		} else {
			configPath = "config.yaml"
		}
	}
	if logLevel == "" {
		logLevel = "info"
	}
	args := flags.Args()
	command := "run"
	if len(args) > 0 {
		command = strings.ToLower(args[0])
	}
	cfg, err := config.Load(configPath)
	if err != nil {
		return err
	}
	logger, err := logging.New(logLevel)
	if err != nil {
		return err
	}
	subnetDefs, err := subnets.FromConfigs(cfg.Subnets)
	if err != nil {
		return err
	}
	requests := mount.PrepareRequests(cfg.DefaultInterface, subnetDefs)
	var mountFn func(context.Context) error
	if cfg.AutoMountSubnets {
		mountFn = func(runCtx context.Context) error {
			logger.Info("auto mount triggered")
			statuses, err := mount.EnsureMounted(runCtx, requests)
			for _, status := range statuses {
				logger.Info("mount status subnet=%s interface=%s ip_assigned=%t route=%t nonlocal=%t", status.CIDR, status.Interface, status.IPAssigned, status.RouteExists, status.NonLocalBind)
				if len(status.Errors) > 0 {
					logger.Error("mount errors subnet=%s errors=%s", status.CIDR, strings.Join(status.Errors, "; "))
				}
			}
			return err
		}
	}
	switch command {
	case "run":
		return executeRunLoop(ctx, cfg, subnetDefs, logger, mountFn)
	case "once":
		return executeOnce(ctx, cfg, subnetDefs, logger, mountFn)
	case "check-mount":
		return executeCheckMount(ctx, requests)
	case "mount":
		return executeMount(ctx, requests)
	case "":
		return executeRunLoop(ctx, cfg, subnetDefs, logger, mountFn)
	default:
		return fmt.Errorf("unknown command %s", command)
	}
}

func executeRunLoop(ctx context.Context, cfg config.Config, subs []subnets.Subnet, logger logging.Logger, mountFn func(context.Context) error) error {
	client := httpclient.New(15 * time.Second)
	chk, err := checker.New(cfg, subs, client, logger, mountFn)
	if err != nil {
		return err
	}
	interval := time.Duration(cfg.IntervalSeconds) * time.Second
	if interval < 0 {
		interval = 0
	}
	runID := 1
	for {
		start := time.Now()
		results, err := chk.Run(ctx)
		if err != nil {
			return ensureRunErrorHandled(err)
		}
		printSummary(runID, results)
		runID++
		if interval == 0 {
			continue
		}
		elapsed := time.Since(start)
		sleep := interval - elapsed
		if sleep > 0 {
			select {
			case <-ctx.Done():
				return ensureRunErrorHandled(ctx.Err())
			case <-time.After(sleep):
			}
		}
	}
}

func executeOnce(ctx context.Context, cfg config.Config, subs []subnets.Subnet, logger logging.Logger, mountFn func(context.Context) error) error {
	client := httpclient.New(15 * time.Second)
	chk, err := checker.New(cfg, subs, client, logger, mountFn)
	if err != nil {
		return err
	}
	results, err := chk.Run(ctx)
	if err != nil {
		return ensureRunErrorHandled(err)
	}
	printSummary(1, results)
	return nil
}

func executeCheckMount(ctx context.Context, requests []mount.Request) error {
	statuses, err := mount.Check(ctx, requests)
	if err != nil {
		return err
	}
	printMountStatuses("CHECK", statuses)
	return nil
}

func executeMount(ctx context.Context, requests []mount.Request) error {
	statuses, err := mount.EnsureMounted(ctx, requests)
	if err != nil {
		return err
	}
	printMountStatuses("MOUNT", statuses)
	return nil
}

func ensureRunErrorHandled(err error) error {
	if err == nil {
		return nil
	}
	if errors.Is(err, context.Canceled) || errors.Is(err, context.DeadlineExceeded) {
		return nil
	}
	return err
}

func printSummary(runID int, results []checker.Result) {
	timestamp := time.Now().Format(time.RFC3339)
	fmt.Printf("RUN %d %s total=%d\n", runID, timestamp, len(results))
	for _, res := range results {
		status := "OK"
		detail := fmt.Sprintf("status=%d", res.StatusCode)
		if !res.Success {
			status = "FAIL"
			if res.Error != "" {
				detail = res.Error
			} else {
				detail = "error"
			}
		}
		duration := res.Duration.Truncate(time.Millisecond)
		fmt.Printf("%s subnet=%s ip=%s url=%s duration=%s %s\n", status, res.Subnet, res.SourceIP, res.URL, duration.String(), detail)
	}
}

func printMountStatuses(prefix string, statuses []mount.Status) {
	timestamp := time.Now().Format(time.RFC3339)
	fmt.Printf("%s %s total=%d\n", prefix, timestamp, len(statuses))
	for _, status := range statuses {
		ipAssigned := "no"
		if status.IPAssigned {
			ipAssigned = "yes"
		}
		route := "no"
		if status.RouteExists {
			route = "yes"
		}
		nonLocal := "no"
		if status.NonLocalBind {
			nonLocal = "yes"
		}
		mountIP := ""
		if status.MountIP != nil {
			mountIP = status.MountIP.String()
		}
		fmt.Printf("subnet=%s interface=%s ip_assigned=%s route=%s nonlocal=%s mount_ip=%s\n", status.CIDR, status.Interface, ipAssigned, route, nonLocal, mountIP)
		if len(status.Actions) > 0 {
			fmt.Printf(" actions=%s\n", strings.Join(status.Actions, "; "))
		}
		if len(status.Errors) > 0 {
			fmt.Printf(" errors=%s\n", strings.Join(status.Errors, "; "))
		}
	}
}

Dockerfile:
FROM golang:1.23-alpine AS builder
WORKDIR /app
COPY go.mod go.sum ./
RUN go mod download
COPY . .
RUN CGO_ENABLED=0 GOOS=linux GOARCH=amd64 go build -o subnet-sentinel ./cmd/subnet-sentinel

FROM alpine:3.20
RUN adduser -D appuser
WORKDIR /
COPY --from=builder /app/subnet-sentinel /usr/local/bin/subnet-sentinel
RUN mkdir /config
USER appuser
ENTRYPOINT ["/usr/local/bin/subnet-sentinel"]
CMD ["run","--config","/config/config.yaml"]

examples/config.example.yaml:
subnets:
  - cidr: 154.208.64.0/21
    excludeHosts:
      - 154.208.64.0
      - 154.208.64.1
      - 154.208.64.2
      - 154.208.64.3
    mountInterface: eno1
  - cidr: 154.208.112.0/21
    mountInterface: eno1

targets:
  - https://google.com
  - https://ipinfo.io
  - https://icanhazip.com

ipsPerSubnet: 5
intervalSeconds: 60
autoMountSubnets: false
defaultInterface: eno1


go.mod:
module github.com/thealonlevi/subnet-sentinel

go 1.23.3

require gopkg.in/yaml.v3 v3.0.1

go.sum:
gopkg.in/check.v1 v0.0.0-20161208181325-20d25e280405 h1:yhCVgyC4o1eVCa2tZl7eS0r+SDo693bJlVdllGtEeKM=
gopkg.in/check.v1 v0.0.0-20161208181325-20d25e280405/go.mod h1:Co6ibVJAznAaIkqp8huTwlJQCZ016jof/cbN4VW5Yz0=
gopkg.in/yaml.v3 v3.0.1 h1:fxVm/GzAzEWqLHuvctI91KS9hhNmmWOoWu0XTYJS7CA=
gopkg.in/yaml.v3 v3.0.1/go.mod h1:K4uyk7z7BCEPqu6E+C64Yfv1cQ7kz7rIZviUmN+EgEM=

internal/checker/checker.go:
package checker

import (
	"context"
	"fmt"
	"net"
	"time"

	"github.com/thealonlevi/subnet-sentinel/internal/config"
	"github.com/thealonlevi/subnet-sentinel/internal/httpclient"
	"github.com/thealonlevi/subnet-sentinel/internal/logging"
	"github.com/thealonlevi/subnet-sentinel/internal/subnets"
)

type HTTPClient interface {
	Do(ctx context.Context, source net.IP, url string) (httpclient.Result, error)
}

type Checker struct {
	Config       config.Config
	Subnets      []subnets.Subnet
	Client       HTTPClient
	Logger       logging.Logger
	MountOnError func(context.Context) error
}

type Result struct {
	Subnet     string
	SourceIP   string
	URL        string
	Success    bool
	StatusCode int
	Duration   time.Duration
	Error      string
}

func New(cfg config.Config, subs []subnets.Subnet, client HTTPClient, logger logging.Logger, mountOnError func(context.Context) error) (*Checker, error) {
	if client == nil {
		return nil, fmt.Errorf("http client is required")
	}
	return &Checker{
		Config:       cfg,
		Subnets:      subs,
		Client:       client,
		Logger:       logger,
		MountOnError: mountOnError,
	}, nil
}

func (c *Checker) Run(ctx context.Context) ([]Result, error) {
	results := make([]Result, 0)
	mountAttempted := false
	for _, subnet := range c.Subnets {
		select {
		case <-ctx.Done():
			return results, ctx.Err()
		default:
		}
		hosts, err := subnets.RandomHosts(subnet.Network, subnet.ExcludeHosts, c.Config.IPsPerSubnet)
		if err != nil {
			return results, fmt.Errorf("select hosts for %s: %w", subnet.CIDR, err)
		}
		for _, host := range hosts {
			for _, target := range c.Config.Targets {
				select {
				case <-ctx.Done():
					return results, ctx.Err()
				default:
				}
				res, err := c.performRequest(ctx, subnet.CIDR, host, target)
				initialErr := err
				retried := false
				if err != nil && c.MountOnError != nil {
					if !mountAttempted {
						mountAttempted = true
						if mountErr := c.MountOnError(ctx); mountErr != nil {
							c.Logger.Error("mount attempt failed: %v", mountErr)
						} else {
							c.Logger.Info("mount attempt completed")
						}
					}
					select {
					case <-ctx.Done():
						return results, ctx.Err()
					default:
					}
					retried = true
					resRetry, retryErr := c.performRequest(ctx, subnet.CIDR, host, target)
					res = resRetry
					err = retryErr
				}
				results = append(results, res)
				if err != nil {
					if retried {
						c.Logger.Error("request failed after retry subnet=%s ip=%s url=%s initial_error=%s error=%s", subnet.CIDR, host.String(), target, errorString(initialErr), err.Error())
					} else {
						c.Logger.Error("request failed subnet=%s ip=%s url=%s error=%s", subnet.CIDR, host.String(), target, err.Error())
					}
				} else {
					if retried || initialErr != nil {
						c.Logger.Info("request succeeded after retry subnet=%s ip=%s url=%s status=%d initial_error=%s", subnet.CIDR, host.String(), target, res.StatusCode, errorString(initialErr))
					} else {
						c.Logger.Debug("request succeeded subnet=%s ip=%s url=%s status=%d", subnet.CIDR, host.String(), target, res.StatusCode)
					}
				}
			}
		}
	}
	return results, nil
}

func (c *Checker) performRequest(ctx context.Context, subnet string, ip net.IP, target string) (Result, error) {
	start := time.Now()
	res, err := c.Client.Do(ctx, ip, target)
	duration := res.Duration
	if duration == 0 {
		duration = time.Since(start)
	}
	result := Result{
		Subnet:     subnet,
		SourceIP:   ip.String(),
		URL:        target,
		Success:    err == nil,
		StatusCode: res.StatusCode,
		Duration:   duration,
	}
	if err != nil {
		result.Error = err.Error()
	}
	return result, err
}

func errorString(err error) string {
	if err == nil {
		return ""
	}
	return err.Error()
}

internal/checker/checker_test.go:
package checker

import (
	"context"
	"fmt"
	"net"
	"testing"
	"time"

	"github.com/thealonlevi/subnet-sentinel/internal/config"
	"github.com/thealonlevi/subnet-sentinel/internal/httpclient"
	"github.com/thealonlevi/subnet-sentinel/internal/logging"
	"github.com/thealonlevi/subnet-sentinel/internal/subnets"
)

type mockHTTPClient struct {
	responses []mockResponse
	calls     []callRecord
}

type mockResponse struct {
	result httpclient.Result
	err    error
}

type callRecord struct {
	IP  net.IP
	URL string
}

func (m *mockHTTPClient) Do(ctx context.Context, source net.IP, url string) (httpclient.Result, error) {
	if len(m.responses) == 0 {
		return httpclient.Result{}, fmt.Errorf("no mock response configured")
	}
	resp := m.responses[0]
	m.responses = m.responses[1:]
	m.calls = append(m.calls, callRecord{IP: append(net.IP(nil), source...), URL: url})
	return resp.result, resp.err
}

func TestCheckerRunCollectsResults(t *testing.T) {
	cfg := config.Config{
		Subnets: []config.SubnetConfig{
			{CIDR: "192.168.50.0/30"},
		},
		Targets:      []string{"https://success.test", "https://failure.test"},
		IPsPerSubnet: 1,
	}
	subs, err := subnets.FromConfigs(cfg.Subnets)
	if err != nil {
		t.Fatalf("subnet parse: %v", err)
	}
	mock := &mockHTTPClient{
		responses: []mockResponse{
			{result: httpclient.Result{StatusCode: 200, Duration: 50 * time.Millisecond}},
			{result: httpclient.Result{StatusCode: 503, Duration: 80 * time.Millisecond}, err: fmt.Errorf("service unavailable")},
		},
	}
	logger, err := logging.New("error")
	if err != nil {
		t.Fatalf("logger init: %v", err)
	}
	chk, err := New(cfg, subs, mock, logger, nil)
	if err != nil {
		t.Fatalf("checker init: %v", err)
	}
	results, err := chk.Run(context.Background())
	if err != nil {
		t.Fatalf("checker run: %v", err)
	}
	if len(results) != 2 {
		t.Fatalf("expected 2 results, got %d", len(results))
	}
	successCount := 0
	failCount := 0
	for _, res := range results {
		if res.Subnet != cfg.Subnets[0].CIDR {
			t.Fatalf("unexpected subnet %s", res.Subnet)
		}
		if res.Duration <= 0 {
			t.Fatalf("expected duration set")
		}
		if res.Success {
			successCount++
			if res.StatusCode != 200 {
				t.Fatalf("expected 200 status, got %d", res.StatusCode)
			}
			if res.Error != "" {
				t.Fatalf("expected empty error, got %s", res.Error)
			}
		} else {
			failCount++
			if res.StatusCode != 503 {
				t.Fatalf("expected 503 status, got %d", res.StatusCode)
			}
			if res.Error == "" {
				t.Fatalf("expected error message")
			}
		}
		if parsed := net.ParseIP(res.SourceIP); parsed == nil {
			t.Fatalf("invalid source ip %s", res.SourceIP)
		}
	}
	if successCount != 1 || failCount != 1 {
		t.Fatalf("unexpected success/failure counts: %d/%d", successCount, failCount)
	}
	if len(mock.calls) != 2 {
		t.Fatalf("expected 2 client calls, got %d", len(mock.calls))
	}
	if mock.calls[0].IP.String() != mock.calls[1].IP.String() {
		t.Fatalf("expected same host ip for both calls")
	}
}

func TestCheckerRetriesAfterMount(t *testing.T) {
	cfg := config.Config{
		Subnets: []config.SubnetConfig{
			{CIDR: "10.1.0.0/30"},
		},
		Targets:      []string{"https://retry.test"},
		IPsPerSubnet: 1,
	}
	subs, err := subnets.FromConfigs(cfg.Subnets)
	if err != nil {
		t.Fatalf("subnet parse: %v", err)
	}
	mock := &mockHTTPClient{
		responses: []mockResponse{
			{result: httpclient.Result{StatusCode: 503, Duration: 20 * time.Millisecond}, err: fmt.Errorf("service unavailable")},
			{result: httpclient.Result{StatusCode: 200, Duration: 40 * time.Millisecond}},
		},
	}
	logger, err := logging.New("error")
	if err != nil {
		t.Fatalf("logger init: %v", err)
	}
	mountCalled := false
	mountFn := func(ctx context.Context) error {
		mountCalled = true
		return nil
	}
	chk, err := New(cfg, subs, mock, logger, mountFn)
	if err != nil {
		t.Fatalf("checker init: %v", err)
	}
	results, err := chk.Run(context.Background())
	if err != nil {
		t.Fatalf("checker run: %v", err)
	}
	if len(results) != 1 {
		t.Fatalf("expected 1 result, got %d", len(results))
	}
	res := results[0]
	if !res.Success {
		t.Fatalf("expected success after retry")
	}
	if res.StatusCode != 200 {
		t.Fatalf("expected status 200, got %d", res.StatusCode)
	}
	if res.Error != "" {
		t.Fatalf("expected empty error, got %s", res.Error)
	}
	if !mountCalled {
		t.Fatalf("expected mount function to be called")
	}
	if len(mock.calls) != 2 {
		t.Fatalf("expected 2 client calls, got %d", len(mock.calls))
	}
	if mock.calls[0].IP.String() != mock.calls[1].IP.String() {
		t.Fatalf("expected same host ip across retries")
	}
}

internal/config/config.go:
package config

import (
	"errors"
	"fmt"
	"net"
	"os"

	"gopkg.in/yaml.v3"
)

type SubnetConfig struct {
	CIDR           string   `yaml:"cidr"`
	ExcludeHosts   []string `yaml:"excludeHosts"`
	MountInterface string   `yaml:"mountInterface"`
}

type Config struct {
	Subnets          []SubnetConfig `yaml:"subnets"`
	Targets          []string       `yaml:"targets"`
	IPsPerSubnet     int            `yaml:"ipsPerSubnet"`
	IntervalSeconds  int            `yaml:"intervalSeconds"`
	AutoMountSubnets bool           `yaml:"autoMountSubnets"`
	DefaultInterface string         `yaml:"defaultInterface"`
}

var defaultTargets = []string{
	"https://google.com",
	"https://ipinfo.io",
	"https://icanhazip.com",
}

func Load(path string) (Config, error) {
	data, err := os.ReadFile(path)
	if err != nil {
		return Config{}, fmt.Errorf("read config: %w", err)
	}
	var cfg Config
	if err := yaml.Unmarshal(data, &cfg); err != nil {
		return Config{}, fmt.Errorf("parse config: %w", err)
	}
	cfg.applyDefaults()
	if err := cfg.Validate(); err != nil {
		return Config{}, err
	}
	return cfg, nil
}

func (c *Config) applyDefaults() {
	if len(c.Targets) == 0 {
		c.Targets = append([]string(nil), defaultTargets...)
	}
	if c.IPsPerSubnet == 0 {
		c.IPsPerSubnet = 5
	}
	if c.IntervalSeconds == 0 {
		c.IntervalSeconds = 60
	}
}

func (c Config) Validate() error {
	if len(c.Subnets) == 0 {
		return errors.New("no subnets configured")
	}
	if c.IPsPerSubnet < 0 {
		return errors.New("ipsPerSubnet must be positive")
	}
	if c.IPsPerSubnet == 0 {
		return errors.New("ipsPerSubnet must be positive")
	}
	if c.IntervalSeconds < 0 {
		return errors.New("intervalSeconds must be non-negative")
	}
	for i, subnet := range c.Subnets {
		if subnet.CIDR == "" {
			return fmt.Errorf("subnet %d missing cidr", i)
		}
		ip, ipNet, err := net.ParseCIDR(subnet.CIDR)
		if err != nil {
			return fmt.Errorf("subnet %s invalid cidr: %w", subnet.CIDR, err)
		}
		if ip.To4() == nil || len(ipNet.Mask) != net.IPv4len {
			return fmt.Errorf("subnet %s must be ipv4", subnet.CIDR)
		}
		for _, host := range subnet.ExcludeHosts {
			hostIP := net.ParseIP(host)
			if hostIP == nil || hostIP.To4() == nil {
				return fmt.Errorf("subnet %s has invalid exclude host %s", subnet.CIDR, host)
			}
		}
	}
	if len(c.Targets) == 0 {
		return errors.New("no targets configured")
	}
	return nil
}

internal/httpclient/client.go:
package httpclient

import (
	"context"
	"fmt"
	"io"
	"net"
	"net/http"
	"time"
)

type Result struct {
	StatusCode int
	Duration   time.Duration
}

type Client struct {
	Timeout time.Duration
}

func New(timeout time.Duration) *Client {
	return &Client{Timeout: timeout}
}

func (c *Client) Do(ctx context.Context, source net.IP, url string) (Result, error) {
	timeout := c.Timeout
	if timeout <= 0 {
		timeout = 15 * time.Second
	}
	ip4 := source.To4()
	if ip4 == nil {
		return Result{}, fmt.Errorf("source ip must be ipv4")
	}
	dialer := &net.Dialer{
		Timeout:   timeout,
		LocalAddr: &net.TCPAddr{IP: ip4, Port: 0},
	}
	transport := &http.Transport{
		DialContext:           dialer.DialContext,
		DisableKeepAlives:     true,
		ForceAttemptHTTP2:     false,
		MaxIdleConns:          0,
		MaxConnsPerHost:       0,
		MaxIdleConnsPerHost:   0,
		DisableCompression:    true,
		ResponseHeaderTimeout: timeout,
	}
	client := &http.Client{
		Transport: transport,
		Timeout:   timeout,
	}
	req, err := http.NewRequestWithContext(ctx, http.MethodGet, url, nil)
	if err != nil {
		return Result{}, err
	}
	req.Header.Set("Connection", "close")
	start := time.Now()
	resp, err := client.Do(req)
	if err != nil {
		return Result{Duration: time.Since(start)}, err
	}
	defer resp.Body.Close()
	_, _ = io.Copy(io.Discard, resp.Body)
	duration := time.Since(start)
	if resp.StatusCode < 200 || resp.StatusCode > 299 {
		return Result{StatusCode: resp.StatusCode, Duration: duration}, fmt.Errorf("unexpected status %d", resp.StatusCode)
	}
	return Result{StatusCode: resp.StatusCode, Duration: duration}, nil
}

internal/logging/logging.go:
package logging

import (
	"fmt"
	"log"
	"os"
	"strings"
)

type Level int

const (
	LevelDebug Level = iota
	LevelInfo
	LevelError
)

type Logger struct {
	level Level
	base  *log.Logger
}

func New(level string) (Logger, error) {
	lvl, err := ParseLevel(level)
	if err != nil {
		return Logger{}, err
	}
	return Logger{
		level: lvl,
		base:  log.New(os.Stdout, "", log.LstdFlags),
	}, nil
}

func ParseLevel(level string) (Level, error) {
	switch strings.ToLower(strings.TrimSpace(level)) {
	case "debug":
		return LevelDebug, nil
	case "info":
		return LevelInfo, nil
	case "error":
		return LevelError, nil
	default:
		return LevelInfo, fmt.Errorf("invalid log level %s", level)
	}
}

func (l Logger) Debug(message string, args ...interface{}) {
	if l.level > LevelDebug {
		return
	}
	l.base.Printf("DEBUG "+message, args...)
}

func (l Logger) Info(message string, args ...interface{}) {
	if l.level > LevelInfo {
		return
	}
	l.base.Printf("INFO "+message, args...)
}

func (l Logger) Error(message string, args ...interface{}) {
	if l.level > LevelError {
		return
	}
	l.base.Printf("ERROR "+message, args...)
}

internal/mount/mount.go:
package mount

import (
	"bufio"
	"context"
	"fmt"
	"net"
	"os"
	"os/exec"
	"path/filepath"
	"strings"
	"sync"

	"github.com/thealonlevi/subnet-sentinel/internal/subnets"
)

type Request struct {
	Subnet    subnets.Subnet
	Interface string
}

type Status struct {
	CIDR         string
	Interface    string
	IPAssigned   bool
	RouteExists  bool
	NonLocalBind bool
	MountIP      net.IP
	Actions      []string
	Errors       []string
}

func PrepareRequests(defaultInterface string, subs []subnets.Subnet) []Request {
	result := make([]Request, 0, len(subs))
	for _, subnet := range subs {
		iface := subnet.MountInterface
		if iface == "" {
			iface = defaultInterface
		}
		result = append(result, Request{
			Subnet:    subnet,
			Interface: iface,
		})
	}
	return result
}

func Check(ctx context.Context, requests []Request) ([]Status, error) {
	statuses := make([]Status, 0, len(requests))
	nonLocal, nonLocalErr := readNonLocalBind()
	var firstErr error
	for _, req := range requests {
		status := Status{
			CIDR:         req.Subnet.CIDR,
			Interface:    req.Interface,
			NonLocalBind: nonLocal,
		}
		if nonLocalErr != nil && firstErr == nil {
			firstErr = nonLocalErr
		}
		if nonLocalErr != nil {
			status.Errors = append(status.Errors, fmt.Sprintf("nonlocal bind check failed: %v", nonLocalErr))
		}
		if req.Interface == "" {
			status.Errors = append(status.Errors, "no interface configured")
			statuses = append(statuses, status)
			continue
		}
		assigned, err := interfaceHasSubnetIP(ctx, req.Interface, req.Subnet.Network)
		if err != nil {
			status.Errors = append(status.Errors, fmt.Sprintf("ip check failed: %v", err))
			if firstErr == nil {
				firstErr = err
			}
		}
		status.IPAssigned = assigned
		route, err := hasLocalRoute(ctx, req.Subnet.CIDR)
		if err != nil {
			status.Errors = append(status.Errors, fmt.Sprintf("route check failed: %v", err))
			if firstErr == nil {
				firstErr = err
			}
		}
		status.RouteExists = route
		statuses = append(statuses, status)
	}
	return statuses, firstErr
}

func EnsureMounted(ctx context.Context, requests []Request) ([]Status, error) {
	statuses := make([]Status, 0, len(requests))
	nonLocal, nonLocalErr := readNonLocalBind()
	nonLocalSet := nonLocal
	var firstErr error
	for _, req := range requests {
		status := Status{
			CIDR:         req.Subnet.CIDR,
			Interface:    req.Interface,
			NonLocalBind: nonLocalSet,
		}
		if nonLocalErr != nil {
			status.Errors = append(status.Errors, fmt.Sprintf("nonlocal bind check failed: %v", nonLocalErr))
			if firstErr == nil {
				firstErr = nonLocalErr
			}
		}
		if req.Interface == "" {
			err := fmt.Errorf("no interface configured for subnet %s", req.Subnet.CIDR)
			status.Errors = append(status.Errors, err.Error())
			if firstErr == nil {
				firstErr = err
			}
			statuses = append(statuses, status)
			continue
		}
		assigned, err := interfaceHasSubnetIP(ctx, req.Interface, req.Subnet.Network)
		if err != nil {
			status.Errors = append(status.Errors, fmt.Sprintf("ip check failed: %v", err))
			if firstErr == nil {
				firstErr = err
			}
		}
		status.IPAssigned = assigned
		if !status.IPAssigned {
			ip, ipErr := subnets.DeterministicHost(req.Subnet.Network, req.Subnet.ExcludeHosts)
			if ipErr != nil {
				status.Errors = append(status.Errors, fmt.Sprintf("determine host failed: %v", ipErr))
				if firstErr == nil {
					firstErr = ipErr
				}
			} else {
				status.MountIP = ip
				maskSize, _ := req.Subnet.Network.Mask.Size()
				cidr := fmt.Sprintf("%s/%d", ip.String(), maskSize)
				if _, err := runCommand(ctx, "ip", "addr", "add", cidr, "dev", req.Interface); err != nil {
					status.Errors = append(status.Errors, fmt.Sprintf("ip addr add failed: %v", err))
					if firstErr == nil {
						firstErr = err
					}
				} else {
					status.Actions = append(status.Actions, fmt.Sprintf("ip addr add %s dev %s", cidr, req.Interface))
					recheck, err := interfaceHasSubnetIP(ctx, req.Interface, req.Subnet.Network)
					if err != nil {
						status.Errors = append(status.Errors, fmt.Sprintf("ip recheck failed: %v", err))
						if firstErr == nil {
							firstErr = err
						}
					}
					status.IPAssigned = status.IPAssigned || recheck
				}
			}
		}
		route, err := hasLocalRoute(ctx, req.Subnet.CIDR)
		if err != nil {
			status.Errors = append(status.Errors, fmt.Sprintf("route check failed: %v", err))
			if firstErr == nil {
				firstErr = err
			}
		}
		status.RouteExists = route
		if !status.RouteExists {
			if _, err := runCommand(ctx, "ip", "route", "add", "local", req.Subnet.CIDR, "dev", "lo"); err != nil {
				status.Errors = append(status.Errors, fmt.Sprintf("add route failed: %v", err))
				if firstErr == nil {
					firstErr = err
				}
			} else {
				status.Actions = append(status.Actions, fmt.Sprintf("ip route add local %s dev lo", req.Subnet.CIDR))
				recheck, err := hasLocalRoute(ctx, req.Subnet.CIDR)
				if err != nil {
					status.Errors = append(status.Errors, fmt.Sprintf("route recheck failed: %v", err))
					if firstErr == nil {
						firstErr = err
					}
				}
				status.RouteExists = status.RouteExists || recheck
			}
		}
		if !nonLocalSet {
			if err := setNonLocalBind(); err != nil {
				status.Errors = append(status.Errors, fmt.Sprintf("set nonlocal bind failed: %v", err))
				if firstErr == nil {
					firstErr = err
				}
			} else {
				status.Actions = append(status.Actions, "set net.ipv4.ip_nonlocal_bind=1")
				nonLocalSet = true
				status.NonLocalBind = true
			}
		} else {
			status.NonLocalBind = true
		}
		statuses = append(statuses, status)
	}
	return statuses, firstErr
}

func interfaceHasSubnetIP(ctx context.Context, iface string, network *net.IPNet) (bool, error) {
	output, err := runCommand(ctx, "ip", "-4", "addr", "show", "dev", iface)
	if err != nil {
		return false, err
	}
	scanner := bufio.NewScanner(strings.NewReader(output))
	for scanner.Scan() {
		line := strings.TrimSpace(scanner.Text())
		if !strings.HasPrefix(line, "inet ") {
			continue
		}
		fields := strings.Fields(line)
		if len(fields) < 2 {
			continue
		}
		ipCIDR := fields[1]
		ip, _, err := net.ParseCIDR(ipCIDR)
		if err != nil {
			continue
		}
		ip = ip.To4()
		if ip == nil {
			continue
		}
		if network.Contains(ip) {
			return true, nil
		}
	}
	return false, scanner.Err()
}

func hasLocalRoute(ctx context.Context, cidr string) (bool, error) {
	output, err := runCommand(ctx, "ip", "-4", "route", "show", "table", "local")
	if err != nil {
		return false, err
	}
	target := fmt.Sprintf("local %s", cidr)
	scanner := bufio.NewScanner(strings.NewReader(output))
	for scanner.Scan() {
		line := strings.TrimSpace(scanner.Text())
		if strings.HasPrefix(line, target) && strings.Contains(line, " dev lo") {
			return true, nil
		}
	}
	return false, scanner.Err()
}

func readNonLocalBind() (bool, error) {
	data, err := os.ReadFile(filepath.Clean("/proc/sys/net/ipv4/ip_nonlocal_bind"))
	if err != nil {
		return false, err
	}
	value := strings.TrimSpace(string(data))
	return value == "1", nil
}

func setNonLocalBind() error {
	return os.WriteFile(filepath.Clean("/proc/sys/net/ipv4/ip_nonlocal_bind"), []byte("1"), 0644)
}

var commandMu sync.Mutex

func runCommand(ctx context.Context, name string, args ...string) (string, error) {
	commandMu.Lock()
	defer commandMu.Unlock()
	cmd := exec.CommandContext(ctx, name, args...)
	output, err := cmd.CombinedOutput()
	if err != nil {
		return "", fmt.Errorf("%s %s: %w (%s)", name, strings.Join(args, " "), err, strings.TrimSpace(string(output)))
	}
	return string(output), nil
}

internal/subnets/subnets.go:
package subnets

import (
	"crypto/rand"
	"encoding/binary"
	"fmt"
	"math"
	mathrand "math/rand"
	"net"

	"github.com/thealonlevi/subnet-sentinel/internal/config"
)

type Subnet struct {
	CIDR           string
	Network        *net.IPNet
	ExcludeHosts   []net.IP
	MountInterface string
}

func FromConfigs(configs []config.SubnetConfig) ([]Subnet, error) {
	result := make([]Subnet, 0, len(configs))
	for _, cfg := range configs {
		ip, ipNet, err := net.ParseCIDR(cfg.CIDR)
		if err != nil {
			return nil, fmt.Errorf("parse subnet %s: %w", cfg.CIDR, err)
		}
		ip = ip.To4()
		if ip == nil {
			return nil, fmt.Errorf("subnet %s must be ipv4", cfg.CIDR)
		}
		maskSize, bits := ipNet.Mask.Size()
		if bits != 32 {
			return nil, fmt.Errorf("subnet %s must be ipv4", cfg.CIDR)
		}
		if maskSize >= 31 {
			return nil, fmt.Errorf("subnet %s too small for host allocation", cfg.CIDR)
		}
		ipNet.IP = ip
		excludes := make([]net.IP, 0, len(cfg.ExcludeHosts))
		for _, host := range cfg.ExcludeHosts {
			hostIP := net.ParseIP(host)
			if hostIP == nil || hostIP.To4() == nil {
				return nil, fmt.Errorf("subnet %s invalid exclude host %s", cfg.CIDR, host)
			}
			hostIP = hostIP.To4()
			if !ipNet.Contains(hostIP) {
				return nil, fmt.Errorf("subnet %s exclude host %s outside subnet", cfg.CIDR, host)
			}
			excludes = append(excludes, append(net.IP(nil), hostIP...))
		}
		result = append(result, Subnet{
			CIDR:           cfg.CIDR,
			Network:        ipNet,
			ExcludeHosts:   excludes,
			MountInterface: cfg.MountInterface,
		})
	}
	return result, nil
}

func RandomHosts(ipNet *net.IPNet, excludes []net.IP, count int) ([]net.IP, error) {
	if count <= 0 {
		return nil, fmt.Errorf("count must be positive")
	}
	network := ipNet.IP.Mask(ipNet.Mask).To4()
	if network == nil {
		return nil, fmt.Errorf("only ipv4 supported")
	}
	maskSize, bits := ipNet.Mask.Size()
	if bits != 32 {
		return nil, fmt.Errorf("only ipv4 supported")
	}
	hostBits := uint32(32 - maskSize)
	hostCount := uint32(1 << hostBits)
	if hostCount <= 2 {
		return nil, fmt.Errorf("subnet %s has no assignable hosts", ipNet.String())
	}
	networkVal := ipToUint32(network)
	firstHost := networkVal + 1
	lastHost := networkVal + hostCount - 2
	excludeSet := make(map[uint32]struct{})
	for _, ip := range excludes {
		ip4 := ip.To4()
		if ip4 == nil {
			continue
		}
		val := ipToUint32(ip4)
		if val <= networkVal || val >= networkVal+hostCount-1 {
			continue
		}
		excludeSet[val] = struct{}{}
	}
	available := int(hostCount-2) - len(excludeSet)
	if available < count {
		return nil, fmt.Errorf("subnet %s does not have enough available hosts", ipNet.String())
	}
	seedBytes := make([]byte, 8)
	if _, err := rand.Read(seedBytes); err != nil {
		return nil, fmt.Errorf("seed randomness: %w", err)
	}
	seed := int64(binary.LittleEndian.Uint64(seedBytes))
	r := mathrand.New(mathrand.NewSource(seed))
	results := make([]net.IP, 0, count)
	used := make(map[uint32]struct{})
	maxAttempts := int(math.Max(float64(count*20), 100))
	attempts := 0
	for len(results) < count {
		if attempts > maxAttempts {
			return nil, fmt.Errorf("failed to select enough hosts for %s", ipNet.String())
		}
		attempts++
		candidateVal := firstHost + uint32(r.Int63n(int64(lastHost-firstHost+1)))
		if candidateVal <= networkVal || candidateVal >= networkVal+hostCount-1 {
			continue
		}
		if _, ok := excludeSet[candidateVal]; ok {
			continue
		}
		if _, ok := used[candidateVal]; ok {
			continue
		}
		used[candidateVal] = struct{}{}
		results = append(results, uint32ToIP(candidateVal))
	}
	return results, nil
}

func DeterministicHost(ipNet *net.IPNet, excludes []net.IP) (net.IP, error) {
	network := ipNet.IP.Mask(ipNet.Mask).To4()
	if network == nil {
		return nil, fmt.Errorf("only ipv4 supported")
	}
	maskSize, bits := ipNet.Mask.Size()
	if bits != 32 {
		return nil, fmt.Errorf("only ipv4 supported")
	}
	hostBits := uint32(32 - maskSize)
	hostCount := uint32(1 << hostBits)
	if hostCount <= 2 {
		return nil, fmt.Errorf("subnet %s has no assignable hosts", ipNet.String())
	}
	networkVal := ipToUint32(network)
	firstHost := networkVal + 1
	lastHost := networkVal + hostCount - 2
	excludeSet := make(map[uint32]struct{})
	for _, ip := range excludes {
		if ip4 := ip.To4(); ip4 != nil {
			val := ipToUint32(ip4)
			if val >= firstHost && val <= lastHost {
				excludeSet[val] = struct{}{}
			}
		}
	}
	start := firstHost + 4
	if start > lastHost {
		start = firstHost
	}
	for i := uint32(0); i <= lastHost-firstHost; i++ {
		candidate := start + i
		if candidate > lastHost {
			candidate = firstHost + (candidate - lastHost - 1)
		}
		if _, ok := excludeSet[candidate]; ok {
			continue
		}
		return uint32ToIP(candidate), nil
	}
	return nil, fmt.Errorf("no available host in %s", ipNet.String())
}

func ipToUint32(ip net.IP) uint32 {
	ip4 := ip.To4()
	return binary.BigEndian.Uint32(ip4)
}

func uint32ToIP(v uint32) net.IP {
	ip := make(net.IP, net.IPv4len)
	binary.BigEndian.PutUint32(ip, v)
	return ip
}

internal/subnets/subnets_test.go:
package subnets

import (
	"net"
	"testing"

	"github.com/thealonlevi/subnet-sentinel/internal/config"
)

func TestFromConfigsParsesSubnets(t *testing.T) {
	subnetConfigs := []config.SubnetConfig{
		{
			CIDR:           "192.168.10.0/24",
			ExcludeHosts:   []string{"192.168.10.1"},
			MountInterface: "eth0",
		},
	}
	result, err := FromConfigs(subnetConfigs)
	if err != nil {
		t.Fatalf("expected no error, got %v", err)
	}
	if len(result) != 1 {
		t.Fatalf("expected 1 subnet, got %d", len(result))
	}
	if result[0].CIDR != subnetConfigs[0].CIDR {
		t.Fatalf("expected cidr %s, got %s", subnetConfigs[0].CIDR, result[0].CIDR)
	}
	if result[0].MountInterface != "eth0" {
		t.Fatalf("expected interface eth0, got %s", result[0].MountInterface)
	}
	if len(result[0].ExcludeHosts) != 1 {
		t.Fatalf("expected 1 exclude host, got %d", len(result[0].ExcludeHosts))
	}
	if !result[0].Network.Contains(net.ParseIP("192.168.10.5")) {
		t.Fatalf("expected parsed subnet to contain host")
	}
}

func TestRandomHostsRespectsExclusions(t *testing.T) {
	_, ipNet, err := net.ParseCIDR("10.0.0.0/29")
	if err != nil {
		t.Fatalf("parse cidr: %v", err)
	}
	excludes := []net.IP{
		net.ParseIP("10.0.0.1"),
	}
	hosts, err := RandomHosts(ipNet, excludes, 2)
	if err != nil {
		t.Fatalf("expected no error, got %v", err)
	}
	if len(hosts) != 2 {
		t.Fatalf("expected 2 hosts, got %d", len(hosts))
	}
	seen := make(map[string]struct{})
	for _, host := range hosts {
		if host == nil {
			t.Fatalf("host nil")
		}
		if host.Equal(net.ParseIP("10.0.0.0")) {
			t.Fatalf("network address selected")
		}
		if host.Equal(net.ParseIP("10.0.0.7")) {
			t.Fatalf("broadcast address selected")
		}
		if host.Equal(net.ParseIP("10.0.0.1")) {
			t.Fatalf("excluded host selected")
		}
		key := host.String()
		if _, ok := seen[key]; ok {
			t.Fatalf("duplicate host selected")
		}
		seen[key] = struct{}{}
		if !ipNet.Contains(host) {
			t.Fatalf("host outside subnet")
		}
	}
}

LICENSE:
MIT License

Copyright (c) 2025

Permission is hereby granted, free of charge, to any person obtaining a copy
of this software and associated documentation files (the "Software"), to deal
in the Software without restriction, including without limitation the rights
to use, copy, modify, merge, publish, distribute, sublicense, and/or sell
copies of the Software, and to permit persons to whom the Software is
furnished to do so, subject to the following conditions:

The above copyright notice and this permission notice shall be included in all
copies or substantial portions of the Software.

THE SOFTWARE IS PROVIDED "AS IS", WITHOUT WARRANTY OF ANY KIND, EXPRESS OR
IMPLIED, INCLUDING BUT NOT LIMITED TO THE WARRANTIES OF MERCHANTABILITY,
FITNESS FOR A PARTICULAR PURPOSE AND NONINFRINGEMENT. IN NO EVENT SHALL THE
AUTHORS OR COPYRIGHT HOLDERS BE LIABLE FOR ANY CLAIM, DAMAGES OR OTHER
LIABILITY, WHETHER IN AN ACTION OF CONTRACT, TORT OR OTHERWISE, ARISING FROM,
OUT OF OR IN CONNECTION WITH THE SOFTWARE OR THE USE OR OTHER DEALINGS IN THE
SOFTWARE.


packaging/systemd/subnet-sentinel.service:
[Unit]
Description=Subnet Sentinel
After=network-online.target
Wants=network-online.target

[Service]
Type=simple
ExecStart=/usr/local/bin/subnet-sentinel run --config /etc/subnet-sentinel/config.yaml
Restart=always
RestartSec=5s
User=root

[Install]
WantedBy=multi-user.target


README.md:
# subnet-sentinel

`subnet-sentinel` is a daemon and CLI that probes outbound connectivity using random source IPs carved from configured IPv4 subnets. It helps operators verify that routed subnets remain usable on the host.

## Features
- Periodic or one-shot connectivity checks against configurable HTTP targets
- Source-IP binding per request with per-target latency and status reporting
- Optional auto-mount retry: on the first HTTP failure (when enabled) the tool mounts subnets and retries once
- CLI for running checks and inspecting mount status
- Systemd service unit for unattended operation

## Requirements
- Go (latest stable)
- Linux host with `ip` tooling for mounting features (development tested against Ubuntu 22.04+)

## Build
```bash
go build ./...
```

## Configuration
Settings are sourced from `config.yaml` by default, overridable via `--config` or `SUBNET_SENTINEL_CONFIG`.

```yaml
subnets:
  - cidr: 154.208.64.0/21
    excludeHosts:
      - 154.208.64.0
      - 154.208.64.1
      - 154.208.64.2
      - 154.208.64.3
    mountInterface: eno1
  - cidr: 154.208.112.0/21
    mountInterface: eno1

targets:
  - https://google.com
  - https://ipinfo.io
  - https://icanhazip.com

ipsPerSubnet: 5
intervalSeconds: 60
autoMountSubnets: false
defaultInterface: eno1
```

Key fields:
- `subnets`: CIDRs to monitor, with optional host exclusions and interface overrides
- `targets`: HTTP endpoints to probe (defaults to public connectivity targets)
- `ipsPerSubnet`: number of unique hosts sampled per subnet per run (default 5)
- `intervalSeconds`: delay between runs in daemon mode (default 60)
- `autoMountSubnets`: when true, the first HTTP failure in a run triggers subnet mounting and a single retry of that request
- `defaultInterface`: interface used when a subnet does not specify `mountInterface`

## CLI Usage
```bash
subnet-sentinel run           # default daemon mode
subnet-sentinel once          # single run
subnet-sentinel check-mount   # inspect current mount status
subnet-sentinel mount         # enforce mount prerequisites
```

### Flags
- `--config`, `-c`: alternate config path
- `--log-level`: `debug`, `info`, or `error` (default `info`)

## Systemd Service
Install the binary under `/usr/local/bin/subnet-sentinel` and place `packaging/systemd/subnet-sentinel.service` in `/etc/systemd/system/`. Then run:
```bash
sudo systemctl daemon-reload
sudo systemctl enable subnet-sentinel
sudo systemctl start subnet-sentinel
```

## Operational Notes
- With `autoMountSubnets` disabled, configure addresses, local routes (`ip route add local ... dev lo`), and `ip_nonlocal_bind=1` manually before running the daemon.
- With `autoMountSubnets` enabled, the first HTTP failure in a run will assign deterministic host IPs, ensure loopback routes, set `ip_nonlocal_bind=1`, and retry the failed request once.

## Testing
```bash
go test ./...
```


scraper.py:
#!/usr/bin/env python3
import os
import pathlib
import fnmatch

def should_ignore(path, gitignore_patterns):
    path_str = str(path)
    for pattern in gitignore_patterns:
        pattern = pattern.strip()
        if not pattern or pattern.startswith('#'):
            continue
        if pattern.startswith('/'):
            pattern = pattern[1:]
        if fnmatch.fnmatch(path_str, pattern) or fnmatch.fnmatch(os.path.basename(path_str), pattern):
            return True
        if os.path.isdir(path) and fnmatch.fnmatch(path_str, pattern + '/*'):
            return True
    return False

def is_binary_file(filepath):
    try:
        with open(filepath, 'rb') as f:
            chunk = f.read(8192)
            if b'\x00' in chunk:
                return True
            try:
                chunk.decode('utf-8')
            except UnicodeDecodeError:
                return True
    except Exception:
        return True
    return False

def load_gitignore():
    patterns = []
    gitignore_path = pathlib.Path('.gitignore')
    if gitignore_path.exists():
        with open(gitignore_path, 'r', encoding='utf-8') as f:
            patterns = [line.strip() for line in f if line.strip()]
    patterns.extend(['.git', '__pycache__', '*.pyc', '.DS_Store', 'files.log'])
    return patterns

def main():
    repo_root = pathlib.Path('.')
    gitignore_patterns = load_gitignore()
    
    all_files = []
    for root, dirs, files in os.walk('.'):
        root_path = pathlib.Path(root)
        dirs[:] = [d for d in dirs if not should_ignore(root_path / d, gitignore_patterns)]
        
        for file in files:
            file_path = root_path / file
            if should_ignore(file_path, gitignore_patterns):
                continue
            all_files.append(file_path)
    
    all_files.sort()
    
    with open('files.log', 'w', encoding='utf-8') as log_file:
        for file_path in all_files:
            rel_path = file_path.as_posix()
            if rel_path.startswith('./'):
                rel_path = rel_path[2:]
            
            log_file.write(f"{rel_path}:\n")
            
            if is_binary_file(file_path):
                log_file.write("<binary file>\n")
            else:
                try:
                    with open(file_path, 'r', encoding='utf-8') as f:
                        content = f.read()
                        log_file.write(content)
                except Exception as e:
                    log_file.write(f"<error reading file: {e}>\n")
            
            log_file.write("\n")
    
    print(f"Scraped {len(all_files)} files to files.log")

if __name__ == '__main__':
    main()


